MIF/HEX Update report for SCOMP
Wed Apr 06 18:01:27 2022
Quartus Prime Version 19.1.0 Build 670 09/22/2019 SJ Lite Edition


---------------------
; Table of Contents ;
---------------------
  1. Legal Notice
  2. MIF/HEX Update Summary
  3. MIF/HEX Update Processed Files
  4. MIF/HEX Update Messages



----------------
; Legal Notice ;
----------------
Copyright (C) 2019  Intel Corporation. All rights reserved.
Your use of Intel Corporation's design tools, logic functions 
and other software and tools, and any partner logic 
functions, and any output files from any of the foregoing 
(including device programming or simulation files), and any 
associated documentation or information are expressly subject 
to the terms and conditions of the Intel Program License 
Subscription Agreement, the Intel Quartus Prime License Agreement,
the Intel FPGA IP License Agreement, or other applicable license
agreement, including, without limitation, that your use is for
the sole purpose of programming logic devices manufactured by
Intel and sold by Intel or its authorized distributors.  Please
refer to the applicable agreement for further details, at
https://fpgasoftware.intel.com/eula.



+---------------------------------------------------------------+
; MIF/HEX Update Summary                                        ;
+-----------------------+---------------------------------------+
; MIF/HEX Update Status ; Successful - Wed Apr 06 18:01:27 2022 ;
; Revision Name         ; SCOMP                                 ;
; Top-level Entity Name ; SCOMP_System                          ;
; Family                ; Cyclone V                             ;
; Device                ; 5CSXFC6D6F31C6                        ;
+-----------------------+---------------------------------------+


+--------------------------------------------------------------------+
; MIF/HEX Update Processed Files                                     ;
+--------------------------------------------------------------------+
; File Name                                                          ;
+--------------------------------------------------------------------+
; C:/Users/Anthony Popa/OneDrive/Documents/2031Project/pixeldata.mif ;
; C:/Users/Anthony Popa/OneDrive/Documents/2031Project/pixeltest.mif ;
+--------------------------------------------------------------------+


+-------------------------+
; MIF/HEX Update Messages ;
+-------------------------+
Info: *******************************************************************
Info: Running Quartus Prime MIF/HEX Update
    Info: Version 19.1.0 Build 670 09/22/2019 SJ Lite Edition
    Info: Processing started: Wed Apr 06 18:01:23 2022
Info: Command: quartus_cdb SCOMP -c SCOMP --update_mif
Critical Warning (127005): Memory depth (256) in the design file differs from memory depth (4) in the Memory Initialization File "C:/Users/Anthony Popa/OneDrive/Documents/2031Project/pixeldata.mif" -- setting initial value for remaining addresses to 0
Warning (113031): 3 out of 2048 addresses are reinitialized. The latest initialized data will replace the existing data. There are 3 warnings found, and 3 warnings are reported. File: C:/Users/Anthony Popa/OneDrive/Documents/2031Project/pixeltest.mif Line: 1
    Warning (113030): Memory Initialization File address 0 is reinitialized File: C:/Users/Anthony Popa/OneDrive/Documents/2031Project/ Line: 13
    Warning (113030): Memory Initialization File address 1 is reinitialized File: C:/Users/Anthony Popa/OneDrive/Documents/2031Project/ Line: 14
    Warning (113030): Memory Initialization File address 2 is reinitialized File: C:/Users/Anthony Popa/OneDrive/Documents/2031Project/ Line: 15
Info (39024): Processed the following Memory Initialization File(s)
    Info (39025): Processed Memory Initialization File C:/Users/Anthony Popa/OneDrive/Documents/2031Project/pixeldata.mif File: C:/Users/Anthony Popa/OneDrive/Documents/2031Project/pixeldata.mif Line: 0
    Info (39025): Processed Memory Initialization File C:/Users/Anthony Popa/OneDrive/Documents/2031Project/pixeltest.mif File: C:/Users/Anthony Popa/OneDrive/Documents/2031Project/pixeltest.mif Line: 0
Info: Quartus Prime MIF/HEX Update was successful. 0 errors, 5 warnings
    Info: Peak virtual memory: 4879 megabytes
    Info: Processing ended: Wed Apr 06 18:01:27 2022
    Info: Elapsed time: 00:00:04
    Info: Total CPU time (on all processors): 00:00:03


